=== 8/15/2020 11:23:06 AM ===
ban_data_get() - 404
=== 8/15/2020 8:16:51 PM ===
=== 8/15/2020 8:18:39 PM ===
